exports[`test should match snapshots 1`] = `"((((9 w x) (6 . (7 . 9)) (8) (7 . v) (3 . (4 . 6)) (5 v) (4 . u) (0 . (1 . 3)) (2 u v) (1 . t)) . 10))"`;

exports[`test should match snapshots 2`] = `"((((1 t u v w x) (0)) . 2) (((1 u v w x) (3) (4 u v w x) (2 . t) (0 . (2 . 3))) . 5) (((1 v w x) (6) (7 v w x) (5 . u) (3 . (5 . 6)) (4 u v w x) (2 . t) (0 . (2 . 3))) . 8) (((1 w x) (9) (10 w x) (8 . v) (6 . (8 . 9)) (7 v w x) (5 . u) (3 . (5 . 6)) (4 u v w x) (2 . t) (0 . (2 . 3))) . 11) (((1 x) (12) (13 x) (11 . w) (9 . (11 . 12)) (10 w x) (8 . v) (6 . (8 . 9)) (7 v w x) (5 . u) (3 . (5 . 6)) (4 u v w x) (2 . t) (0 . (2 . 3))) . 14) (((1) (15) (16) (14 . x) (12 . (14 . 15)) (13 x) (11 . w) (9 . (11 . 12)) (10 w x) (8 . v) (6 . (8 . 9)) (7 v w x) (5 . u) (3 . (5 . 6)) (4 u v w x) (2 . t) (0 . (2 . 3))) . 17))"`;
